2026-07-06 19:34  NEW CONFIRMED ocean:Long Sands, York ME:2026-07-08 grade=good bust=5%
2026-07-06 19:34  NEW CONFIRMED ocean:Rockaway Beach (90th St peaks):2026-07-07 grade=fair bust=5%
2026-07-07 10:35  NEW CONFIRMED ocean:Ditch Plains, Montauk:2026-07-07 grade=fair bust=5%
2026-07-07 10:35  NEW HEADS_UP ocean:Ditch Plains, Montauk:2026-07-10 grade=fair bust=6%
2026-07-07 10:35  NEW CONFIRMED ocean:Narragansett Town Beach:2026-07-07 grade=fair bust=5%
2026-07-07 10:35  NEW CONFIRMED ocean:Long Sands, York ME:2026-07-07 grade=good bust=5%
2026-07-07 10:35  NEW HEADS_UP ocean:Rockaway Beach (90th St peaks):2026-07-10 grade=good bust=6%
2026-07-07 18:34  NEW HEADS_UP ocean:Narragansett Town Beach:2026-07-10 grade=fair bust=6%
2026-07-08 07:41  DOWNGRADE HEADS_UP ocean:Rockaway Beach (90th St peaks):2026-07-10 grade=fair bust=5%
2026-07-08 07:42  PAST ocean:Ditch Plains, Montauk:2026-07-07
2026-07-08 07:42  PAST ocean:Narragansett Town Beach:2026-07-07
2026-07-08 07:42  PAST ocean:Rockaway Beach (90th St peaks):2026-07-07
2026-07-09 10:34  ADVANCE CONFIRMED ocean:Ditch Plains, Montauk:2026-07-10 grade=fair bust=5%
2026-07-09 10:34  ADVANCE CONFIRMED ocean:Narragansett Town Beach:2026-07-10 grade=fair bust=5%
2026-07-09 10:34  NEW CONFIRMED ocean:Long Sands, York ME:2026-07-09 grade=good bust=5%
2026-07-09 10:34  NEW HEADS_UP ocean:Long Sands, York ME:2026-07-13 grade=fair bust=12%
2026-07-09 10:34  ADVANCE CONFIRMED ocean:Rockaway Beach (90th St peaks):2026-07-10 grade=fair bust=5%
2026-07-09 18:14  UPGRADE CONFIRMED ocean:Rockaway Beach (90th St peaks):2026-07-10 grade=good bust=5%
2026-07-10 10:30  NEW CONFIRMED ocean:Long Sands, York ME:2026-07-10 grade=good bust=5%
2026-07-10 10:30  DOWNGRADE CONFIRMED ocean:Rockaway Beach (90th St peaks):2026-07-10 grade=fair bust=5%
2026-07-10 10:30  NEW HEADS_UP ocean:Rockaway Beach (90th St peaks):2026-07-13 grade=fair bust=6%
2026-07-10 10:30  NEW WHISPER lake:Sodus:2026-07-14 grade=fair bust=68%
2026-07-10 17:31  UPGRADE CONFIRMED ocean:Rockaway Beach (90th St peaks):2026-07-10 grade=good bust=5%
2026-07-11 06:28  NEW CONFIRMED ocean:Ditch Plains, Montauk:2026-07-11 grade=fair bust=5%
2026-07-11 06:28  NEW WHISPER ocean:Ditch Plains, Montauk:2026-07-17 grade=fair bust=24%
2026-07-11 06:28  NEW CONFIRMED ocean:Narragansett Town Beach:2026-07-11 grade=fair bust=5%
2026-07-11 06:28  NEW CONFIRMED ocean:Long Sands, York ME:2026-07-11 grade=fair bust=5%
2026-07-11 06:28  NEW HEADS_UP ocean:Long Sands, York ME:2026-07-14 grade=fair bust=6%
2026-07-11 06:28  NEW CONFIRMED ocean:Rockaway Beach (90th St peaks):2026-07-11 grade=fair bust=5%
2026-07-12 07:36  NEW CONFIRMED ocean:Ditch Plains, Montauk:2026-07-12 grade=fair bust=5%
2026-07-12 07:36  NEW CONFIRMED ocean:Narragansett Town Beach:2026-07-12 grade=fair bust=5%
2026-07-12 07:36  NEW CONFIRMED ocean:Long Sands, York ME:2026-07-12 grade=fair bust=5%
2026-07-12 07:36  NEW WHISPER ocean:Long Sands, York ME:2026-07-19 grade=good bust=30%
2026-07-12 07:36  NEW CONFIRMED ocean:Rockaway Beach (90th St peaks):2026-07-12 grade=fair bust=5%
2026-07-12 07:36  NEW HEADS_UP ocean:Rockaway Beach (90th St peaks):2026-07-15 grade=fair bust=6%
2026-07-12 07:37  PAST ocean:Long Sands, York ME:2026-07-07
2026-07-12 07:37  PAST ocean:Long Sands, York ME:2026-07-09
2026-07-12 07:37  PAST ocean:Long Sands, York ME:2026-07-10
2026-07-12 07:37  PAST ocean:Long Sands, York ME:2026-07-11
2026-07-12 07:37  PAST ocean:Narragansett Town Beach:2026-07-10
2026-07-12 07:37  PAST ocean:Rockaway Beach (90th St peaks):2026-07-11
2026-07-12 14:42  NEW HEADS_UP ocean:Ditch Plains, Montauk:2026-07-15 grade=fair bust=6%
2026-07-12 14:43  NEW HEADS_UP ocean:Narragansett Town Beach:2026-07-15 grade=fair bust=6%
2026-07-12 14:43  DOWNGRADE WHISPER ocean:Long Sands, York ME:2026-07-19 grade=fair bust=30%
2026-07-12 14:43  NEW WHISPER ocean:Rockaway Beach (90th St peaks):2026-07-19 grade=good bust=30%
2026-07-13 10:38  ADVANCE CONFIRMED ocean:Ditch Plains, Montauk:2026-07-15 grade=good bust=5%
2026-07-13 10:38  ADVANCE CONFIRMED ocean:Long Sands, York ME:2026-07-14 grade=fair bust=5%
2026-07-13 10:38  UPGRADE WHISPER ocean:Long Sands, York ME:2026-07-19 grade=good bust=24%
2026-07-13 10:38  ADVANCE CONFIRMED ocean:Rockaway Beach (90th St peaks):2026-07-13 grade=fair bust=5%
2026-07-13 10:38  UPGRADE HEADS_UP ocean:Rockaway Beach (90th St peaks):2026-07-15 grade=good bust=5%
2026-07-13 10:38  NEW CONFIRMED lake:Oswego east:2026-07-14 grade=fair bust=32%
2026-07-13 10:39  PAST ocean:Ditch Plains, Montauk:2026-07-10
2026-07-13 10:39  PAST ocean:Ditch Plains, Montauk:2026-07-11
2026-07-13 10:39  PAST ocean:Ditch Plains, Montauk:2026-07-12
2026-07-13 10:39  PAST ocean:Long Sands, York ME:2026-07-08
2026-07-13 10:39  PAST ocean:Long Sands, York ME:2026-07-12
2026-07-13 10:39  PAST ocean:Narragansett Town Beach:2026-07-11
2026-07-13 10:39  PAST ocean:Narragansett Town Beach:2026-07-12
2026-07-13 18:14  DOWNGRADE CONFIRMED ocean:Ditch Plains, Montauk:2026-07-15 grade=fair bust=5%
2026-07-13 18:14  NEW WHISPER ocean:Ditch Plains, Montauk:2026-07-19 grade=fair bust=24%
2026-07-13 18:14  DOWNGRADE WHISPER ocean:Long Sands, York ME:2026-07-19 grade=fair bust=24%
2026-07-13 18:14  DOWNGRADE HEADS_UP ocean:Rockaway Beach (90th St peaks):2026-07-15 grade=fair bust=5%
2026-07-13 18:14  DOWNGRADE WHISPER ocean:Rockaway Beach (90th St peaks):2026-07-19 grade=fair bust=24%
2026-07-13 18:14  NEW WHISPER lake:Sodus:2026-07-16 grade=fair bust=56%
2026-07-14 06:28  UPGRADE CONFIRMED ocean:Ditch Plains, Montauk:2026-07-15 grade=good bust=5%
2026-07-14 06:28  ADVANCE CONFIRMED ocean:Narragansett Town Beach:2026-07-15 grade=fair bust=5%
2026-07-14 06:28  NEW CONFIRMED ocean:Long Sands, York ME:2026-07-15 grade=fair bust=5%
2026-07-14 06:28  ADVANCE CONFIRMED ocean:Rockaway Beach (90th St peaks):2026-07-15 grade=fair bust=5%
2026-07-14 06:28  UPGRADE WHISPER ocean:Rockaway Beach (90th St peaks):2026-07-19 grade=good bust=18%
2026-07-14 06:28  PAST ocean:Rockaway Beach (90th St peaks):2026-07-12
2026-07-14 06:28  PAST ocean:Rockaway Beach (90th St peaks):2026-07-13
2026-07-14 16:03  DOWNGRADE CONFIRMED ocean:Ditch Plains, Montauk:2026-07-15 grade=fair bust=5%
2026-07-14 16:03  ADVANCE HEADS_UP ocean:Ditch Plains, Montauk:2026-07-19 grade=good bust=18%
2026-07-14 16:03  ADVANCE HEADS_UP ocean:Long Sands, York ME:2026-07-19 grade=good bust=18%
2026-07-14 16:03  NEW CONFIRMED ocean:Rockaway Beach (90th St peaks):2026-07-14 grade=good bust=5%
2026-07-15 06:32  DOWNGRADE HEADS_UP ocean:Ditch Plains, Montauk:2026-07-19 grade=fair bust=12%
2026-07-15 06:32  NEW HEADS_UP ocean:Rockaway Beach (90th St peaks):2026-07-18 grade=good bust=6%
2026-07-15 06:33  PAST lake:Oswego east:2026-07-14
2026-07-15 06:33  PAST lake:Sodus:2026-07-14
2026-07-15 06:33  PAST ocean:Long Sands, York ME:2026-07-13
2026-07-15 16:10  UPGRADE HEADS_UP ocean:Ditch Plains, Montauk:2026-07-19 grade=good bust=12%
2026-07-15 16:10  NEW HEADS_UP ocean:Long Sands, York ME:2026-07-18 grade=good bust=6%
2026-07-15 16:10  NEW WHISPER lake:Sodus:2026-07-19 grade=fair bust=68%
2026-07-16 06:41  NEW CONFIRMED ocean:Ditch Plains, Montauk:2026-07-16 grade=fair bust=5%
2026-07-16 06:41  NEW HEADS_UP ocean:Narragansett Town Beach:2026-07-19 grade=good bust=6%
2026-07-16 06:41  NEW CONFIRMED ocean:Rockaway Beach (90th St peaks):2026-07-16 grade=fair bust=5%
2026-07-16 06:41  ADVANCE HEADS_UP ocean:Rockaway Beach (90th St peaks):2026-07-19 grade=good bust=6%
2026-07-16 06:41  PAST ocean:Long Sands, York ME:2026-07-14
2026-07-16 06:41  PAST ocean:Long Sands, York ME:2026-07-15
2026-07-16 06:41  PAST ocean:Narragansett Town Beach:2026-07-15
2026-07-16 16:03  NEW WHISPER ocean:Long Sands, York ME:2026-07-22 grade=good bust=24%
2026-07-16 16:03  DOWNGRADE HEADS_UP ocean:Rockaway Beach (90th St peaks):2026-07-19 grade=fair bust=6%
2026-07-17 03:10  ADVANCE CONFIRMED ocean:Ditch Plains, Montauk:2026-07-19 grade=fair bust=5%
2026-07-17 03:11  DOWNGRADE HEADS_UP ocean:Long Sands, York ME:2026-07-19 grade=fair bust=5%
2026-07-17 03:11  UPGRADE HEADS_UP ocean:Rockaway Beach (90th St peaks):2026-07-19 grade=good bust=5%
2026-07-17 03:12  PAST lake:Sodus:2026-07-16
2026-07-17 03:12  PAST ocean:Rockaway Beach (90th St peaks):2026-07-10
2026-07-17 03:12  PAST ocean:Rockaway Beach (90th St peaks):2026-07-15
2026-07-17 03:12  PAST ocean:Rockaway Beach (90th St peaks):2026-07-16
2026-07-17 06:31  ADVANCE CONFIRMED ocean:Ditch Plains, Montauk:2026-07-17 grade=fair bust=5%
2026-07-17 06:31  UPGRADE HEADS_UP ocean:Long Sands, York ME:2026-07-19 grade=good bust=5%
2026-07-17 16:02  UPGRADE CONFIRMED ocean:Ditch Plains, Montauk:2026-07-19 grade=good bust=5%
2026-07-17 16:02  NEW HEADS_UP ocean:Narragansett Town Beach:2026-07-22 grade=good bust=18%
2026-07-17 16:02  DOWNGRADE HEADS_UP ocean:Long Sands, York ME:2026-07-19 grade=fair bust=5%
2026-07-18 05:53  ADVANCE CONFIRMED ocean:Narragansett Town Beach:2026-07-19 grade=good bust=5%
2026-07-18 05:53  NEW HEADS_UP ocean:Narragansett Town Beach:2026-07-23 grade=good bust=18%
2026-07-18 05:53  ADVANCE CONFIRMED ocean:Long Sands, York ME:2026-07-19 grade=fair bust=5%
2026-07-18 05:53  NEW HEADS_UP ocean:Long Sands, York ME:2026-07-23 grade=good bust=18%
2026-07-18 05:53  ADVANCE CONFIRMED ocean:Rockaway Beach (90th St peaks):2026-07-19 grade=good bust=5%
2026-07-18 05:53  NEW HEADS_UP ocean:Rockaway Beach (90th St peaks):2026-07-22 grade=good bust=12%
2026-07-18 05:53  NEW WHISPER lake:Sodus:2026-07-22 grade=fair bust=68%
2026-07-18 05:53  PAST ocean:Ditch Plains, Montauk:2026-07-15
2026-07-18 05:53  PAST ocean:Ditch Plains, Montauk:2026-07-16
2026-07-18 05:53  PAST ocean:Ditch Plains, Montauk:2026-07-17
2026-07-18 14:38  DOWNGRADE CONFIRMED ocean:Narragansett Town Beach:2026-07-19 grade=fair bust=5%
2026-07-18 14:38  DOWNGRADE CONFIRMED ocean:Rockaway Beach (90th St peaks):2026-07-19 grade=fair bust=5%
2026-07-19 07:33  UPGRADE CONFIRMED ocean:Narragansett Town Beach:2026-07-19 grade=good bust=5%
2026-07-19 07:33  ADVANCE HEADS_UP ocean:Long Sands, York ME:2026-07-22 grade=good bust=6%
2026-07-19 14:43  NEW HEADS_UP ocean:Ditch Plains, Montauk:2026-07-22 grade=good bust=6%
2026-07-19 14:43  DOWNGRADE CONFIRMED ocean:Narragansett Town Beach:2026-07-19 grade=fair bust=5%
2026-07-20 08:29  NEW CONFIRMED ocean:Ditch Plains, Montauk:2026-07-20 grade=fair bust=5%
2026-07-20 08:29  NEW HEADS_UP ocean:Ditch Plains, Montauk:2026-07-23 grade=good bust=6%
2026-07-20 08:29  NEW CONFIRMED ocean:Narragansett Town Beach:2026-07-20 grade=fair bust=5%
2026-07-20 08:29  NEW CONFIRMED ocean:Rockaway Beach (90th St peaks):2026-07-20 grade=fair bust=5%
2026-07-20 08:29  ADVANCE HEADS_UP lake:Sodus:2026-07-22 grade=fair bust=44%
2026-07-20 08:29  PAST lake:Sodus:2026-07-19
2026-07-20 08:29  PAST ocean:Long Sands, York ME:2026-07-19
2026-07-20 16:45  NEW WHISPER ocean:Ditch Plains, Montauk:2026-07-26 grade=good bust=24%
2026-07-20 16:45  ADVANCE CONFIRMED ocean:Narragansett Town Beach:2026-07-22 grade=good bust=5%
2026-07-20 16:45  ADVANCE CONFIRMED ocean:Long Sands, York ME:2026-07-22 grade=good bust=5%
2026-07-20 16:45  NEW WHISPER ocean:Rockaway Beach (90th St peaks):2026-07-26 grade=good bust=24%
2026-07-21 07:42  ADVANCE CONFIRMED ocean:Rockaway Beach (90th St peaks):2026-07-22 grade=good bust=5%
2026-07-21 07:42  PAST ocean:Ditch Plains, Montauk:2026-07-19
2026-07-21 07:42  PAST ocean:Ditch Plains, Montauk:2026-07-20
2026-07-21 07:42  PAST ocean:Narragansett Town Beach:2026-07-19
2026-07-21 07:42  PAST ocean:Narragansett Town Beach:2026-07-20
2026-07-21 07:42  PAST ocean:Rockaway Beach (90th St peaks):2026-07-19
2026-07-21 07:42  PAST ocean:Rockaway Beach (90th St peaks):2026-07-20
2026-07-21 16:08  NEW CONFIRMED lake:Fair Haven:2026-07-22 grade=fair bust=32%
2026-07-22 07:42  ADVANCE CONFIRMED ocean:Ditch Plains, Montauk:2026-07-23 grade=good bust=5%
2026-07-22 07:42  DOWNGRADE WHISPER ocean:Ditch Plains, Montauk:2026-07-26 grade=fair bust=12%
2026-07-22 07:42  NEW WHISPER ocean:Narragansett Town Beach:2026-07-28 grade=good bust=24%
2026-07-22 16:09  ADVANCE CONFIRMED ocean:Ditch Plains, Montauk:2026-07-22 grade=good bust=5%
2026-07-23 07:44  NEW WHISPER ocean:Ditch Plains, Montauk:2026-07-29 grade=good bust=24%
2026-07-23 07:44  ADVANCE CONFIRMED ocean:Narragansett Town Beach:2026-07-23 grade=good bust=5%
2026-07-23 07:44  ADVANCE CONFIRMED ocean:Long Sands, York ME:2026-07-23 grade=good bust=5%
2026-07-23 07:44  NEW WHISPER ocean:Long Sands, York ME:2026-07-30 grade=good bust=30%
2026-07-23 07:44  NEW CONFIRMED ocean:Rockaway Beach (90th St peaks):2026-07-23 grade=good bust=5%
2026-07-23 07:44  PAST lake:Fair Haven:2026-07-22
2026-07-23 07:44  PAST lake:Sodus:2026-07-22
2026-07-23 16:50  ADVANCE HEADS_UP ocean:Ditch Plains, Montauk:2026-07-26 grade=good bust=6%
2026-07-24 07:41  NEW CONFIRMED ocean:Ditch Plains, Montauk:2026-07-24 grade=fair bust=5%
2026-07-24 07:41  NEW CONFIRMED ocean:Narragansett Town Beach:2026-07-24 grade=good bust=5%
2026-07-24 07:41  NEW CONFIRMED ocean:Long Sands, York ME:2026-07-24 grade=good bust=5%
2026-07-24 07:41  NEW CONFIRMED ocean:Rockaway Beach (90th St peaks):2026-07-24 grade=fair bust=5%
2026-07-24 07:41  ADVANCE HEADS_UP ocean:Rockaway Beach (90th St peaks):2026-07-26 grade=good bust=5%
2026-07-24 07:41  PAST ocean:Rockaway Beach (90th St peaks):2026-07-14
2026-07-25 06:37  NEW CONFIRMED ocean:Ditch Plains, Montauk:2026-07-27 grade=good bust=5%
2026-07-25 06:37  NEW CONFIRMED ocean:Narragansett Town Beach:2026-07-25 grade=good bust=5%
2026-07-25 06:37  NEW CONFIRMED ocean:Long Sands, York ME:2026-07-25 grade=good bust=5%
2026-07-25 06:37  ADVANCE CONFIRMED ocean:Rockaway Beach (90th St peaks):2026-07-26 grade=good bust=5%
2026-07-25 06:37  PAST ocean:Ditch Plains, Montauk:2026-07-22
2026-07-25 06:37  PAST ocean:Ditch Plains, Montauk:2026-07-23
2026-07-25 06:37  PAST ocean:Ditch Plains, Montauk:2026-07-24
2026-07-25 06:37  PAST ocean:Long Sands, York ME:2026-07-18
2026-07-25 06:37  PAST ocean:Rockaway Beach (90th St peaks):2026-07-18
2026-07-25 06:37  PAST ocean:Rockaway Beach (90th St peaks):2026-07-22
2026-07-25 06:37  PAST ocean:Rockaway Beach (90th St peaks):2026-07-23
2026-07-25 06:37  PAST ocean:Rockaway Beach (90th St peaks):2026-07-24
2026-07-25 14:52  NEW CONFIRMED ocean:Ditch Plains, Montauk:2026-07-25 grade=good bust=5%
2026-07-25 14:52  NEW CONFIRMED ocean:Rockaway Beach (90th St peaks):2026-07-25 grade=good bust=5%
2026-07-26 07:46  DOWNGRADE CONFIRMED ocean:Ditch Plains, Montauk:2026-07-27 grade=fair bust=5%
2026-07-26 07:46  NEW HEADS_UP ocean:Ditch Plains, Montauk:2026-07-31 grade=good bust=18%
2026-07-26 07:46  NEW CONFIRMED ocean:Narragansett Town Beach:2026-07-27 grade=fair bust=5%
2026-07-26 07:46  NEW HEADS_UP ocean:Narragansett Town Beach:2026-07-30 grade=good bust=12%
2026-07-26 07:46  NEW CONFIRMED ocean:Long Sands, York ME:2026-07-26 grade=good bust=5%
2026-07-26 14:54  ADVANCE HEADS_UP ocean:Ditch Plains, Montauk:2026-07-29 grade=good bust=6%
2026-07-26 14:54  UPGRADE CONFIRMED ocean:Narragansett Town Beach:2026-07-27 grade=good bust=5%
2026-07-26 14:54  NEW HEADS_UP ocean:Rockaway Beach (90th St peaks):2026-07-29 grade=good bust=6%
2026-07-27 10:55  NEW CONFIRMED ocean:Long Sands, York ME:2026-07-27 grade=good bust=5%
2026-07-27 10:55  NEW CONFIRMED ocean:Rockaway Beach (90th St peaks):2026-07-27 grade=fair bust=5%
2026-07-27 17:22  NEW HEADS_UP ocean:Ditch Plains, Montauk:2026-07-30 grade=good bust=6%
2026-07-27 17:22  DOWNGRADE CONFIRMED ocean:Narragansett Town Beach:2026-07-27 grade=fair bust=5%
2026-07-27 17:22  NEW HEADS_UP ocean:Narragansett Town Beach:2026-07-29 grade=good bust=5%
2026-07-27 17:22  ADVANCE HEADS_UP ocean:Long Sands, York ME:2026-07-30 grade=good bust=6%
2026-07-27 17:22  NEW HEADS_UP lake:Fair Haven:2026-07-29 grade=fair bust=44%
2026-07-27 17:22  NEW HEADS_UP lake:Sodus:2026-07-29 grade=good bust=44%
2026-07-28 07:48  NEW CONFIRMED ocean:Ditch Plains, Montauk:2026-07-28 grade=fair bust=5%
2026-07-28 07:48  ADVANCE CONFIRMED ocean:Narragansett Town Beach:2026-07-28 grade=fair bust=5%
2026-07-28 07:48  NEW CONFIRMED ocean:Long Sands, York ME:2026-07-28 grade=good bust=5%
2026-07-28 07:48  NEW CONFIRMED ocean:Rockaway Beach (90th St peaks):2026-07-28 grade=good bust=5%
2026-07-28 07:48  PAST ocean:Ditch Plains, Montauk:2026-07-27
2026-07-28 07:48  PAST ocean:Narragansett Town Beach:2026-07-27
2026-07-28 07:48  PAST ocean:Rockaway Beach (90th St peaks):2026-07-25
2026-07-28 07:48  PAST ocean:Rockaway Beach (90th St peaks):2026-07-26
2026-07-28 07:48  PAST ocean:Rockaway Beach (90th St peaks):2026-07-27
2026-07-28 16:54  ADVANCE CONFIRMED ocean:Ditch Plains, Montauk:2026-07-29 grade=good bust=5%
2026-07-28 16:54  DOWNGRADE CONFIRMED ocean:Long Sands, York ME:2026-07-28 grade=fair bust=5%
2026-07-28 16:54  ADVANCE CONFIRMED ocean:Rockaway Beach (90th St peaks):2026-07-29 grade=good bust=5%
2026-07-29 08:06  ADVANCE CONFIRMED ocean:Ditch Plains, Montauk:2026-07-30 grade=good bust=5%
2026-07-29 08:06  ADVANCE CONFIRMED ocean:Narragansett Town Beach:2026-07-30 grade=good bust=5%
2026-07-29 08:06  NEW CONFIRMED ocean:Long Sands, York ME:2026-07-29 grade=fair bust=5%
2026-07-29 08:06  NEW HEADS_UP ocean:Long Sands, York ME:2026-07-31 grade=good bust=5%
2026-07-29 08:07  PAST ocean:Ditch Plains, Montauk:2026-07-28
2026-07-29 08:07  PAST ocean:Long Sands, York ME:2026-07-27
2026-07-29 08:07  PAST ocean:Long Sands, York ME:2026-07-28
2026-07-29 08:07  PAST ocean:Narragansett Town Beach:2026-07-28
2026-07-29 16:12  ADVANCE CONFIRMED ocean:Long Sands, York ME:2026-07-30 grade=good bust=5%
2026-07-30 07:42  NEW WHISPER ocean:Ditch Plains, Montauk:2026-08-05 grade=fair bust=24%
2026-07-30 07:42  NEW CONFIRMED ocean:Rockaway Beach (90th St peaks):2026-07-30 grade=good bust=5%
2026-07-30 07:42  PAST lake:Fair Haven:2026-07-29
2026-07-30 07:42  PAST lake:Sodus:2026-07-29
2026-07-30 07:42  PAST ocean:Long Sands, York ME:2026-07-29
2026-07-30 16:55  NEW HEADS_UP ocean:Long Sands, York ME:2026-08-03 grade=good bust=12%
2026-07-31 08:20  ADVANCE CONFIRMED ocean:Ditch Plains, Montauk:2026-07-31 grade=fair bust=5%
2026-07-31 08:20  NEW CONFIRMED ocean:Narragansett Town Beach:2026-07-31 grade=good bust=5%
2026-07-31 08:20  ADVANCE CONFIRMED ocean:Long Sands, York ME:2026-07-31 grade=good bust=5%
2026-07-31 08:20  NEW CONFIRMED ocean:Rockaway Beach (90th St peaks):2026-07-31 grade=fair bust=5%
2026-07-31 08:20  NEW HEADS_UP ocean:Rockaway Beach (90th St peaks):2026-08-03 grade=good bust=6%
2026-08-01 07:36  NEW CONFIRMED ocean:Ditch Plains, Montauk:2026-08-01 grade=fair bust=5%
2026-08-01 07:36  NEW HEADS_UP ocean:Ditch Plains, Montauk:2026-08-04 grade=good bust=6%
2026-08-01 07:36  NEW CONFIRMED ocean:Narragansett Town Beach:2026-08-01 grade=fair bust=5%
2026-08-01 07:36  NEW HEADS_UP ocean:Narragansett Town Beach:2026-08-04 grade=good bust=6%
2026-08-01 07:36  NEW CONFIRMED ocean:Long Sands, York ME:2026-08-01 grade=fair bust=5%
2026-08-01 07:36  DOWNGRADE HEADS_UP ocean:Long Sands, York ME:2026-08-03 grade=fair bust=5%
2026-08-01 07:38  PAST ocean:Ditch Plains, Montauk:2026-07-29
2026-08-01 07:38  PAST ocean:Long Sands, York ME:2026-07-22
2026-08-01 07:38  PAST ocean:Narragansett Town Beach:2026-07-22
2026-08-01 14:47  NEW CONFIRMED ocean:Ditch Plains, Montauk:2026-08-02 grade=fair bust=5%
2026-08-01 14:47  NEW CONFIRMED ocean:Rockaway Beach (90th St peaks):2026-08-01 grade=fair bust=5%
2026-08-02 07:40  NEW CONFIRMED ocean:Narragansett Town Beach:2026-08-02 grade=fair bust=5%
2026-08-02 07:40  NEW HEADS_UP ocean:Long Sands, York ME:2026-08-04 grade=good bust=5%
2026-08-02 07:40  ADVANCE CONFIRMED ocean:Rockaway Beach (90th St peaks):2026-08-03 grade=good bust=5%
2026-08-02 07:40  PAST ocean:Ditch Plains, Montauk:2026-07-25
2026-08-02 07:40  PAST ocean:Ditch Plains, Montauk:2026-07-26
2026-08-02 07:40  PAST ocean:Ditch Plains, Montauk:2026-07-30
2026-08-02 07:40  PAST ocean:Long Sands, York ME:2026-07-23
2026-08-02 07:40  PAST ocean:Long Sands, York ME:2026-07-30
2026-08-02 07:40  PAST ocean:Long Sands, York ME:2026-08-01
2026-08-02 07:40  PAST ocean:Narragansett Town Beach:2026-07-23
2026-08-02 07:40  PAST ocean:Narragansett Town Beach:2026-07-25
2026-08-02 07:40  PAST ocean:Rockaway Beach (90th St peaks):2026-07-29
2026-08-02 07:40  PAST ocean:Rockaway Beach (90th St peaks):2026-07-30
2026-08-02 07:40  PAST ocean:Rockaway Beach (90th St peaks):2026-07-31
2026-08-02 07:40  PAST ocean:Rockaway Beach (90th St peaks):2026-08-01
2026-08-03 10:57  ADVANCE CONFIRMED ocean:Ditch Plains, Montauk:2026-08-04 grade=good bust=5%
2026-08-03 10:57  ADVANCE CONFIRMED ocean:Narragansett Town Beach:2026-08-04 grade=good bust=5%
2026-08-03 10:57  ADVANCE CONFIRMED ocean:Long Sands, York ME:2026-08-04 grade=good bust=5%
2026-08-03 10:57  PAST ocean:Ditch Plains, Montauk:2026-07-31
2026-08-03 10:57  PAST ocean:Ditch Plains, Montauk:2026-08-01
2026-08-03 10:57  PAST ocean:Ditch Plains, Montauk:2026-08-02
2026-08-03 10:57  PAST ocean:Long Sands, York ME:2026-07-24
2026-08-03 10:57  PAST ocean:Long Sands, York ME:2026-07-26
2026-08-03 10:57  PAST ocean:Narragansett Town Beach:2026-07-24
2026-08-03 10:57  PAST ocean:Narragansett Town Beach:2026-07-30
2026-08-03 10:57  PAST ocean:Narragansett Town Beach:2026-07-31
2026-08-03 10:57  PAST ocean:Narragansett Town Beach:2026-08-01
2026-08-03 10:57  PAST ocean:Narragansett Town Beach:2026-08-02
2026-08-03 17:29  DOWNGRADE CONFIRMED ocean:Long Sands, York ME:2026-08-04 grade=fair bust=5%
2026-08-04 07:58  NEW HEADS_UP ocean:Ditch Plains, Montauk:2026-08-07 grade=fair bust=6%
2026-08-04 07:58  NEW HEADS_UP ocean:Narragansett Town Beach:2026-08-07 grade=fair bust=6%
2026-08-04 07:58  UPGRADE CONFIRMED ocean:Long Sands, York ME:2026-08-04 grade=good bust=5%
2026-08-04 07:58  NEW HEADS_UP ocean:Long Sands, York ME:2026-08-07 grade=fair bust=6%
2026-08-04 07:58  NEW CONFIRMED ocean:Rockaway Beach (90th St peaks):2026-08-04 grade=good bust=5%
2026-08-04 07:58  PAST ocean:Long Sands, York ME:2026-07-25
2026-08-04 07:58  PAST ocean:Narragansett Town Beach:2026-07-29
2026-08-04 17:17  NEW WHISPER ocean:Narragansett Town Beach:2026-08-11 grade=fair bust=30%
2026-08-05 13:01  ADVANCE CONFIRMED ocean:Ditch Plains, Montauk:2026-08-05 grade=fair bust=5%
2026-08-05 13:01  NEW CONFIRMED ocean:Narragansett Town Beach:2026-08-05 grade=fair bust=5%
2026-08-05 13:01  NEW CONFIRMED ocean:Long Sands, York ME:2026-08-05 grade=fair bust=5%
2026-08-05 13:01  NEW CONFIRMED ocean:Rockaway Beach (90th St peaks):2026-08-05 grade=good bust=5%
2026-08-06 13:02  ADVANCE CONFIRMED ocean:Ditch Plains, Montauk:2026-08-07 grade=fair bust=5%
2026-08-06 13:02  NEW HEADS_UP ocean:Ditch Plains, Montauk:2026-08-09 grade=fair bust=6%
2026-08-06 13:02  NEW CONFIRMED ocean:Narragansett Town Beach:2026-08-06 grade=fair bust=5%
2026-08-06 13:02  NEW HEADS_UP ocean:Narragansett Town Beach:2026-08-09 grade=fair bust=6%
2026-08-06 13:02  ADVANCE CONFIRMED ocean:Long Sands, York ME:2026-08-07 grade=fair bust=5%
2026-08-06 13:02  NEW CONFIRMED ocean:Rockaway Beach (90th St peaks):2026-08-06 grade=fair bust=5%
2026-08-06 13:02  PAST ocean:Ditch Plains, Montauk:2026-08-04
2026-08-06 13:02  PAST ocean:Ditch Plains, Montauk:2026-08-05
2026-08-06 13:02  PAST ocean:Long Sands, York ME:2026-08-03
2026-08-06 13:02  PAST ocean:Long Sands, York ME:2026-08-05
2026-08-07 01:33  PAST ocean:Rockaway Beach (90th St peaks):2026-07-28
2026-08-07 11:54  ADVANCE CONFIRMED ocean:Narragansett Town Beach:2026-08-07 grade=fair bust=5%
2026-08-07 11:55  NEW CONFIRMED ocean:Rockaway Beach (90th St peaks):2026-08-07 grade=good bust=5%
2026-08-07 22:52  DOWNGRADE CONFIRMED ocean:Rockaway Beach (90th St peaks):2026-08-07 grade=fair bust=5%
2026-08-08 11:39  NEW CONFIRMED ocean:Ditch Plains, Montauk:2026-08-08 grade=fair bust=5%
2026-08-08 11:39  NEW CONFIRMED ocean:Narragansett Town Beach:2026-08-08 grade=fair bust=5%
2026-08-08 11:39  NEW CONFIRMED ocean:Long Sands, York ME:2026-08-09 grade=fair bust=5%
2026-08-08 11:39  NEW HEADS_UP ocean:Long Sands, York ME:2026-08-11 grade=fair bust=6%
2026-08-08 11:40  NEW CONFIRMED ocean:Rockaway Beach (90th St peaks):2026-08-08 grade=fair bust=5%
2026-08-08 11:40  PAST ocean:Long Sands, York ME:2026-08-04
2026-08-08 11:40  PAST ocean:Long Sands, York ME:2026-08-07
2026-08-08 11:40  PAST ocean:Narragansett Town Beach:2026-08-06
2026-08-09 11:42  ADVANCE CONFIRMED ocean:Ditch Plains, Montauk:2026-08-09 grade=fair bust=5%
2026-08-09 11:42  ADVANCE CONFIRMED ocean:Narragansett Town Beach:2026-08-09 grade=fair bust=5%
2026-08-09 11:42  NEW CONFIRMED ocean:Rockaway Beach (90th St peaks):2026-08-09 grade=fair bust=5%
2026-08-10 11:57  NEW CONFIRMED ocean:Ditch Plains, Montauk:2026-08-10 grade=fair bust=5%
2026-08-10 11:57  NEW CONFIRMED ocean:Narragansett Town Beach:2026-08-10 grade=fair bust=5%
2026-08-10 11:57  NEW CONFIRMED ocean:Rockaway Beach (90th St peaks):2026-08-10 grade=fair bust=5%
2026-08-10 11:57  PAST ocean:Long Sands, York ME:2026-07-31
2026-08-10 11:57  PAST ocean:Long Sands, York ME:2026-08-09
2026-08-11 11:54  NEW CONFIRMED ocean:Ditch Plains, Montauk:2026-08-11 grade=fair bust=5%
2026-08-11 11:54  NEW HEADS_UP ocean:Ditch Plains, Montauk:2026-08-14 grade=fair bust=6%
2026-08-11 11:54  ADVANCE CONFIRMED ocean:Narragansett Town Beach:2026-08-11 grade=fair bust=5%
2026-08-11 11:54  NEW HEADS_UP ocean:Narragansett Town Beach:2026-08-14 grade=fair bust=6%
2026-08-11 11:54  NEW WHISPER ocean:Long Sands, York ME:2026-08-17 grade=good bust=24%
2026-08-11 11:54  NEW CONFIRMED ocean:Rockaway Beach (90th St peaks):2026-08-11 grade=fair bust=5%
2026-08-11 11:54  PAST ocean:Narragansett Town Beach:2026-08-04
2026-08-11 11:54  PAST ocean:Rockaway Beach (90th St peaks):2026-08-04
